// Jest Snapshot v1, https://goo.gl/fbAQLP

exports[`renders correctly 1`] = `
<div
  className="bar-timer-field"
>
  <div
    className="bar-timer-bar"
    style={
      Object {
        "animationDuration": "undefineds",
      }
    }
  />
</div>
`;
