// Jest Snapshot v1, https://goo.gl/fbAQLP

exports[`renders NOTHING 1`] = `null`;
