// Jest Snapshot v1, https://goo.gl/fbAQLP

exports[`renders nothing without given anything from planning-view 1`] = `null`;
