// Jest Snapshot v1, https://goo.gl/fbAQLP

exports[`renders correctly 1`] = `
<section
  className="timer-card"
>
  <p />
  <p>
    Invalid Date
  </p>
  <br />
</section>
`;
